{
  "CapturedAt": "2026-09-01T01:09:57.702992+00:00",
  "OperatingSystem": "Unix 26.6.0",
  "Runtime": "10.0.5",
  "BenchmarkBinarySha256": "6e43154a4a4a014932b5e871a0075570dd656f4ec0f34dea43ecfdc019773949",
  "CadBinarySha256": "aa564b3a90a465b0583b022ed3706735707f08edcbd436babdbc22e05c18dfd5",
  "GridSize": 128,
  "DepthLayerCount": 8,
  "TriangleCount": 262144,
  "WarmupCount": 1,
  "BuildIterationCount": 2,
  "QueryCount": 10000,
  "IndexBuildMilliseconds": {
    "Name": "mesh3d-selection-index-build-ms",
    "P50": 68.2815,
    "P95": 78.7,
    "P99": 78.7,
    "Mean": 73.49074999999999,
    "AllocatedBytesPerOperation": 17302472
  },
  "QueryNanoseconds": {
    "Name": "mesh3d-selection-query-ns",
    "P50": 3700,
    "P95": 11000,
    "P99": 34800,
    "Mean": 6226.93,
    "AllocatedBytesPerOperation": 0
  },
  "TotalQueryManagedAllocatedBytes": 0,
  "SemanticDepthQueryNanoseconds": {
    "Name": "mesh3d-selection-semantic-depth-query-ns",
    "P50": 11900,
    "P95": 36000,
    "P99": 65200,
    "Mean": 16124.98,
    "AllocatedBytesPerOperation": 0
  },
  "TotalSemanticDepthQueryManagedAllocatedBytes": 0,
  "ProjectedPickTargetQueryNanoseconds": {
    "Name": "mesh3d-selection-projected-pick-target-query-ns",
    "P50": 12700,
    "P95": 44900,
    "P99": 76700,
    "Mean": 19127.6,
    "AllocatedBytesPerOperation": 0
  },
  "TotalProjectedPickTargetQueryManagedAllocatedBytes": 0,
  "ProjectedCrossingQueryNanoseconds": {
    "Name": "mesh3d-selection-projected-crossing-query-ns",
    "P50": 87400,
    "P95": 230200,
    "P99": 315300,
    "Mean": 111037.48,
    "AllocatedBytesPerOperation": 0
  },
  "TotalProjectedCrossingQueryManagedAllocatedBytes": 0,
  "IndexStatistics": {
    "TriangleCount": 262144,
    "NodeCount": 65535,
    "LeafCount": 32768,
    "MaximumDepth": 16,
    "RetainedByteCount": 4718712
  },
  "AverageVisitedNodeCount": 19,
  "AverageTestedTriangleCount": 8,
  "MaximumVisitedNodeCount": 19,
  "MaximumTestedTriangleCount": 8,
  "SemanticDepthAverageVisitedNodeCount": 91.002,
  "SemanticDepthAverageTestedTriangleCount": 64,
  "SemanticDepthAverageIntersectedTriangleCount": 8.1256,
  "SemanticDepthMaximumVisitedNodeCount": 96,
  "SemanticDepthMaximumTestedTriangleCount": 64,
  "ProjectedPickTargetAverageVisitedNodeCount": 91,
  "ProjectedPickTargetAverageTestedTriangleCount": 64,
  "ProjectedPickTargetAverageIntersectedTriangleCount": 24,
  "ProjectedPickTargetAverageHitCount": 8,
  "ProjectedPickTargetMaximumVisitedNodeCount": 91,
  "ProjectedPickTargetMaximumTestedTriangleCount": 64,
  "ProjectedCrossingAverageVisitedNodeCount": 314.3931,
  "ProjectedCrossingAverageTestedTriangleCount": 488.496,
  "ProjectedCrossingAverageIntersectedTriangleCount": 254.0222,
  "ProjectedCrossingMaximumVisitedNodeCount": 439,
  "ProjectedCrossingMaximumTestedTriangleCount": 656,
  "Checksum": 16773
}
