{
  "CapturedAt": "2026-09-01T05:05:24.762951+00:00",
  "OperatingSystem": "Unix 26.6.0",
  "Runtime": ".NET 10.0.5",
  "GridSize": 128,
  "ControlVertexCount": 16641,
  "AuthoredFaceCount": 16384,
  "SelectedFaceCount": 1024,
  "WarmupCount": 1,
  "IterationCount": 4,
  "TranslationSnapshotSceneMilliseconds": {
    "Name": "mesh-subobject-translate-snapshot-scene-ms",
    "P50": 406.1463,
    "P95": 439.8036,
    "P99": 439.8036,
    "Mean": 416.19174999999996,
    "AllocatedBytesPerOperation": 209356424
  },
  "RotationSnapshotSceneMilliseconds": {
    "Name": "mesh-subobject-rotate-snapshot-scene-ms",
    "P50": 404.669,
    "P95": 500.3553,
    "P99": 500.3553,
    "Mean": 432.20672499999995,
    "AllocatedBytesPerOperation": 209046442
  },
  "ScaleSnapshotSceneMilliseconds": {
    "Name": "mesh-subobject-scale-snapshot-scene-ms",
    "P50": 540.237,
    "P95": 638.1838,
    "P99": 638.1838,
    "Mean": 565.181325,
    "AllocatedBytesPerOperation": 209355632
  },
  "DeletionSnapshotSceneMilliseconds": {
    "Name": "mesh-subobject-delete-snapshot-scene-ms",
    "P50": 656.7152,
    "P95": 713.3448,
    "P99": 713.3448,
    "Mean": 667.73695,
    "AllocatedBytesPerOperation": 202989142
  },
  "TranslationUndoRedoMilliseconds": {
    "Name": "mesh-subobject-translate-undo-redo-ms",
    "P50": 0.0282,
    "P95": 0.0345,
    "P99": 0.0345,
    "Mean": 0.0308,
    "AllocatedBytesPerOperation": 304
  },
  "RotationUndoRedoMilliseconds": {
    "Name": "mesh-subobject-rotate-undo-redo-ms",
    "P50": 0.0741,
    "P95": 0.1955,
    "P99": 0.1955,
    "Mean": 0.10890000000000001,
    "AllocatedBytesPerOperation": 288
  },
  "ScaleUndoRedoMilliseconds": {
    "Name": "mesh-subobject-scale-undo-redo-ms",
    "P50": 0.1251,
    "P95": 0.131,
    "P99": 0.131,
    "Mean": 0.118875,
    "AllocatedBytesPerOperation": 288
  },
  "DeletionUndoRedoMilliseconds": {
    "Name": "mesh-subobject-delete-undo-redo-ms",
    "P50": 0.0369,
    "P95": 0.1127,
    "P99": 0.1127,
    "Mean": 0.06115,
    "AllocatedBytesPerOperation": 496
  },
  "TranslationFinalContentGeneration": 15,
  "RotationFinalContentGeneration": 15,
  "ScaleFinalContentGeneration": 15,
  "DeletionFinalContentGeneration": 21,
  "RelevantBinarySha256": {
    "Benchmark": "fb13c47867f381fe86514bf26bb8852de3efe2bddb745301d2730c637f34761d",
    "Backend": "702a086ce67df961a555605720ab6567cf3bfc4e322d7b9c1cc53c8c82bc64ca",
    "Cad": "b815a2c4a9cf4403612b9749a53c1c4d1577467b502a044760c2053825a408f0",
    "Scene": "fc18414ea6aafa1309530f754327f762c0d2e4232be827dcaf6dbe4e5cd9428a",
    "TestsHeadless": "ae4934a653041903a368cdfe21241b483a8d2f0ad729e5cfbc7d2c1d95ff2d98",
    "WinUI": "87a4d664f7a638013a568b0b53ead1428f738bfd9c9335f5a769e610b655ef0c"
  }
}
