{
  "CapturedAt": "2026-09-01T02:04:12.510323+00:00",
  "OperatingSystem": "Unix 26.6.0",
  "Runtime": "10.0.5",
  "BenchmarkBinarySha256": "b144a5eb32c2995b30f6ec48be7296876c82f5b0e2039d2671a7b5c2e770bc69",
  "CadBinarySha256": "5be65dd7df43b5f30c15d4b7604f79fac64cd635c284f29bb6b0584bf5217e16",
  "GridSize": 16,
  "DepthLayerCount": 8,
  "TriangleCount": 4096,
  "WarmupCount": 1,
  "BuildIterationCount": 2,
  "QueryCount": 1000,
  "IndexBuildMilliseconds": {
    "Name": "mesh3d-selection-index-build-ms",
    "P50": 3.9031,
    "P95": 8.2403,
    "P99": 8.2403,
    "Mean": 6.0717,
    "AllocatedBytesPerOperation": 271304
  },
  "QueryNanoseconds": {
    "Name": "mesh3d-selection-query-ns",
    "P50": 3500,
    "P95": 9500,
    "P99": 21200,
    "Mean": 5297.2,
    "AllocatedBytesPerOperation": 0
  },
  "TotalQueryManagedAllocatedBytes": 0,
  "SemanticDepthQueryNanoseconds": {
    "Name": "mesh3d-selection-semantic-depth-query-ns",
    "P50": 20600,
    "P95": 65600,
    "P99": 98700,
    "Mean": 28994.8,
    "AllocatedBytesPerOperation": 0
  },
  "TotalSemanticDepthQueryManagedAllocatedBytes": 0,
  "ProjectedPickTargetQueryNanoseconds": {
    "Name": "mesh3d-selection-projected-pick-target-query-ns",
    "P50": 7700,
    "P95": 17700,
    "P99": 34900,
    "Mean": 10071,
    "AllocatedBytesPerOperation": 0
  },
  "TotalProjectedPickTargetQueryManagedAllocatedBytes": 0,
  "ProjectedCrossingQueryNanoseconds": {
    "Name": "mesh3d-selection-projected-crossing-query-ns",
    "P50": 21900,
    "P95": 72100,
    "P99": 103900,
    "Mean": 32220.7,
    "AllocatedBytesPerOperation": 0
  },
  "TotalProjectedCrossingQueryManagedAllocatedBytes": 0,
  "ProjectedLassoQueryNanoseconds": {
    "Name": "mesh3d-selection-projected-lasso-query-ns",
    "P50": 35200,
    "P95": 121900,
    "P99": 195100,
    "Mean": 56915.6,
    "AllocatedBytesPerOperation": 0
  },
  "TotalProjectedLassoQueryManagedAllocatedBytes": 0,
  "ProjectedFenceQueryNanoseconds": {
    "Name": "mesh3d-selection-projected-fence-query-ns",
    "P50": 29600,
    "P95": 97000,
    "P99": 138800,
    "Mean": 44357,
    "AllocatedBytesPerOperation": 0
  },
  "TotalProjectedFenceQueryManagedAllocatedBytes": 0,
  "IndexStatistics": {
    "TriangleCount": 4096,
    "NodeCount": 1023,
    "LeafCount": 512,
    "MaximumDepth": 10,
    "RetainedByteCount": 73848
  },
  "AverageVisitedNodeCount": 13,
  "AverageTestedTriangleCount": 8,
  "MaximumVisitedNodeCount": 13,
  "MaximumTestedTriangleCount": 8,
  "SemanticDepthAverageVisitedNodeCount": 43,
  "SemanticDepthAverageTestedTriangleCount": 64,
  "SemanticDepthAverageIntersectedTriangleCount": 9.248,
  "SemanticDepthMaximumVisitedNodeCount": 43,
  "SemanticDepthMaximumTestedTriangleCount": 64,
  "ProjectedPickTargetAverageVisitedNodeCount": 20.245,
  "ProjectedPickTargetAverageTestedTriangleCount": 27.32,
  "ProjectedPickTargetAverageIntersectedTriangleCount": 3.415,
  "ProjectedPickTargetAverageHitCount": 3.415,
  "ProjectedPickTargetMaximumVisitedNodeCount": 22,
  "ProjectedPickTargetMaximumTestedTriangleCount": 32,
  "ProjectedCrossingAverageVisitedNodeCount": 98.962,
  "ProjectedCrossingAverageTestedTriangleCount": 190.56,
  "ProjectedCrossingAverageIntersectedTriangleCount": 20.39,
  "ProjectedCrossingMaximumVisitedNodeCount": 121,
  "ProjectedCrossingMaximumTestedTriangleCount": 192,
  "ProjectedLassoAverageVisitedNodeCount": 98.962,
  "ProjectedLassoAverageTestedTriangleCount": 190.56,
  "ProjectedLassoAverageIntersectedTriangleCount": 20.39,
  "ProjectedLassoAverageHandleCount": 8,
  "ProjectedLassoMaximumVisitedNodeCount": 121,
  "ProjectedLassoMaximumTestedTriangleCount": 192,
  "ProjectedFenceAverageVisitedNodeCount": 99.286,
  "ProjectedFenceAverageTestedTriangleCount": 192,
  "ProjectedFenceAverageIntersectedTriangleCount": 16,
  "ProjectedFenceAverageHandleCount": 8,
  "ProjectedFenceMaximumVisitedNodeCount": 121,
  "ProjectedFenceMaximumTestedTriangleCount": 192,
  "Checksum": 386
}
