{
  "CapturedAt": "2026-09-01T02:03:27.059122+00:00",
  "OperatingSystem": "Unix 26.6.0",
  "Runtime": "10.0.5",
  "BenchmarkBinarySha256": "b144a5eb32c2995b30f6ec48be7296876c82f5b0e2039d2671a7b5c2e770bc69",
  "CadBinarySha256": "5be65dd7df43b5f30c15d4b7604f79fac64cd635c284f29bb6b0584bf5217e16",
  "GridSize": 128,
  "DepthLayerCount": 8,
  "TriangleCount": 262144,
  "WarmupCount": 1,
  "BuildIterationCount": 2,
  "QueryCount": 10000,
  "IndexBuildMilliseconds": {
    "Name": "mesh3d-selection-index-build-ms",
    "P50": 48.8519,
    "P95": 50.3683,
    "P99": 50.3683,
    "Mean": 49.6101,
    "AllocatedBytesPerOperation": 17302472
  },
  "QueryNanoseconds": {
    "Name": "mesh3d-selection-query-ns",
    "P50": 3300,
    "P95": 11000,
    "P99": 38900,
    "Mean": 5244.26,
    "AllocatedBytesPerOperation": 0
  },
  "TotalQueryManagedAllocatedBytes": 0,
  "SemanticDepthQueryNanoseconds": {
    "Name": "mesh3d-selection-semantic-depth-query-ns",
    "P50": 18100,
    "P95": 40700,
    "P99": 90100,
    "Mean": 18502.45,
    "AllocatedBytesPerOperation": 0
  },
  "TotalSemanticDepthQueryManagedAllocatedBytes": 0,
  "ProjectedPickTargetQueryNanoseconds": {
    "Name": "mesh3d-selection-projected-pick-target-query-ns",
    "P50": 11800,
    "P95": 45200,
    "P99": 77400,
    "Mean": 18548.34,
    "AllocatedBytesPerOperation": 0
  },
  "TotalProjectedPickTargetQueryManagedAllocatedBytes": 0,
  "ProjectedCrossingQueryNanoseconds": {
    "Name": "mesh3d-selection-projected-crossing-query-ns",
    "P50": 98700,
    "P95": 281900,
    "P99": 404000,
    "Mean": 132562.29,
    "AllocatedBytesPerOperation": 0
  },
  "TotalProjectedCrossingQueryManagedAllocatedBytes": 0,
  "ProjectedLassoQueryNanoseconds": {
    "Name": "mesh3d-selection-projected-lasso-query-ns",
    "P50": 132000,
    "P95": 345000,
    "P99": 456400,
    "Mean": 169418.77,
    "AllocatedBytesPerOperation": 0
  },
  "TotalProjectedLassoQueryManagedAllocatedBytes": 0,
  "ProjectedFenceQueryNanoseconds": {
    "Name": "mesh3d-selection-projected-fence-query-ns",
    "P50": 79900,
    "P95": 208700,
    "P99": 277500,
    "Mean": 98287.45,
    "AllocatedBytesPerOperation": 0
  },
  "TotalProjectedFenceQueryManagedAllocatedBytes": 0,
  "IndexStatistics": {
    "TriangleCount": 262144,
    "NodeCount": 65535,
    "LeafCount": 32768,
    "MaximumDepth": 16,
    "RetainedByteCount": 4718712
  },
  "AverageVisitedNodeCount": 19,
  "AverageTestedTriangleCount": 8,
  "MaximumVisitedNodeCount": 19,
  "MaximumTestedTriangleCount": 8,
  "SemanticDepthAverageVisitedNodeCount": 91.002,
  "SemanticDepthAverageTestedTriangleCount": 64,
  "SemanticDepthAverageIntersectedTriangleCount": 8.1256,
  "SemanticDepthMaximumVisitedNodeCount": 96,
  "SemanticDepthMaximumTestedTriangleCount": 64,
  "ProjectedPickTargetAverageVisitedNodeCount": 91,
  "ProjectedPickTargetAverageTestedTriangleCount": 64,
  "ProjectedPickTargetAverageIntersectedTriangleCount": 24,
  "ProjectedPickTargetAverageHitCount": 8,
  "ProjectedPickTargetMaximumVisitedNodeCount": 91,
  "ProjectedPickTargetMaximumTestedTriangleCount": 64,
  "ProjectedCrossingAverageVisitedNodeCount": 314.3931,
  "ProjectedCrossingAverageTestedTriangleCount": 488.496,
  "ProjectedCrossingAverageIntersectedTriangleCount": 254.0222,
  "ProjectedCrossingMaximumVisitedNodeCount": 439,
  "ProjectedCrossingMaximumTestedTriangleCount": 656,
  "ProjectedLassoAverageVisitedNodeCount": 314.3931,
  "ProjectedLassoAverageTestedTriangleCount": 488.496,
  "ProjectedLassoAverageIntersectedTriangleCount": 170.0547,
  "ProjectedLassoAverageHandleCount": 8,
  "ProjectedLassoMaximumVisitedNodeCount": 439,
  "ProjectedLassoMaximumTestedTriangleCount": 656,
  "ProjectedFenceAverageVisitedNodeCount": 251.8656,
  "ProjectedFenceAverageTestedTriangleCount": 322.556,
  "ProjectedFenceAverageIntersectedTriangleCount": 62.3417,
  "ProjectedFenceAverageHandleCount": 8,
  "ProjectedFenceMaximumVisitedNodeCount": 405,
  "ProjectedFenceMaximumTestedTriangleCount": 448,
  "Checksum": 16773
}
