{
  "CapturedAt": "2026-09-01T00:24:42.178089+00:00",
  "OperatingSystem": "Unix 26.6.0",
  "Runtime": "10.0.5",
  "BenchmarkBinarySha256": "18b28bb88fc1128a2b1ba448fccea19c58974732df3b06c7a2de9e2744256fce",
  "CadBinarySha256": "1d16a1dda0151684b5fadfba6f9001719b7917dbb51fb393da31a9bd40d5315b",
  "GridSize": 128,
  "DepthLayerCount": 8,
  "TriangleCount": 262144,
  "WarmupCount": 1,
  "BuildIterationCount": 2,
  "QueryCount": 10000,
  "IndexBuildMilliseconds": {
    "Name": "mesh3d-selection-index-build-ms",
    "P50": 46.2988,
    "P95": 47.6612,
    "P99": 47.6612,
    "Mean": 46.980000000000004,
    "AllocatedBytesPerOperation": 17302472
  },
  "QueryNanoseconds": {
    "Name": "mesh3d-selection-query-ns",
    "P50": 3200,
    "P95": 4300,
    "P99": 5400,
    "Mean": 3422.66,
    "AllocatedBytesPerOperation": 0
  },
  "TotalQueryManagedAllocatedBytes": 0,
  "SemanticDepthQueryNanoseconds": {
    "Name": "mesh3d-selection-semantic-depth-query-ns",
    "P50": 9800,
    "P95": 26600,
    "P99": 40300,
    "Mean": 13245.37,
    "AllocatedBytesPerOperation": 0
  },
  "TotalSemanticDepthQueryManagedAllocatedBytes": 0,
  "ProjectedCrossingQueryNanoseconds": {
    "Name": "mesh3d-selection-projected-crossing-query-ns",
    "P50": 127500,
    "P95": 201800,
    "P99": 296000,
    "Mean": 135120.01,
    "AllocatedBytesPerOperation": 0
  },
  "TotalProjectedCrossingQueryManagedAllocatedBytes": 0,
  "IndexStatistics": {
    "TriangleCount": 262144,
    "NodeCount": 65535,
    "LeafCount": 32768,
    "MaximumDepth": 16,
    "RetainedByteCount": 4718712
  },
  "AverageVisitedNodeCount": 19,
  "AverageTestedTriangleCount": 8,
  "MaximumVisitedNodeCount": 19,
  "MaximumTestedTriangleCount": 8,
  "SemanticDepthAverageVisitedNodeCount": 91.002,
  "SemanticDepthAverageTestedTriangleCount": 64,
  "SemanticDepthAverageIntersectedTriangleCount": 8.1256,
  "SemanticDepthMaximumVisitedNodeCount": 96,
  "SemanticDepthMaximumTestedTriangleCount": 64,
  "ProjectedCrossingAverageVisitedNodeCount": 314.3931,
  "ProjectedCrossingAverageTestedTriangleCount": 488.496,
  "ProjectedCrossingAverageIntersectedTriangleCount": 254.0222,
  "ProjectedCrossingMaximumVisitedNodeCount": 439,
  "ProjectedCrossingMaximumTestedTriangleCount": 656,
  "Checksum": 16773
}
