{
  "CapturedAt": "2026-09-01T04:31:59.209114+00:00",
  "OperatingSystem": "Unix 26.6.0",
  "Runtime": ".NET 10.0.5",
  "GridSize": 128,
  "ControlVertexCount": 16641,
  "AuthoredFaceCount": 16384,
  "SelectedFaceCount": 1024,
  "WarmupCount": 2,
  "IterationCount": 16,
  "TranslationSnapshotSceneMilliseconds": {
    "Name": "mesh-subobject-translate-snapshot-scene-ms",
    "P50": 440.4006,
    "P95": 770.9647,
    "P99": 770.9647,
    "Mean": 509.84274374999995,
    "AllocatedBytesPerOperation": 209357764
  },
  "RotationSnapshotSceneMilliseconds": {
    "Name": "mesh-subobject-rotate-snapshot-scene-ms",
    "P50": 413.8481,
    "P95": 447.7043,
    "P99": 447.7043,
    "Mean": 418.25048125,
    "AllocatedBytesPerOperation": 209047909
  },
  "ScaleSnapshotSceneMilliseconds": {
    "Name": "mesh-subobject-scale-snapshot-scene-ms",
    "P50": 419.7226,
    "P95": 450.4835,
    "P99": 450.4835,
    "Mean": 421.42310000000003,
    "AllocatedBytesPerOperation": 209352628
  },
  "TranslationUndoRedoMilliseconds": {
    "Name": "mesh-subobject-translate-undo-redo-ms",
    "P50": 0.0255,
    "P95": 0.032,
    "P99": 0.032,
    "Mean": 0.02653125,
    "AllocatedBytesPerOperation": 304
  },
  "RotationUndoRedoMilliseconds": {
    "Name": "mesh-subobject-rotate-undo-redo-ms",
    "P50": 0.0238,
    "P95": 0.0318,
    "P99": 0.0318,
    "Mean": 0.0244375,
    "AllocatedBytesPerOperation": 288
  },
  "ScaleUndoRedoMilliseconds": {
    "Name": "mesh-subobject-scale-undo-redo-ms",
    "P50": 0.0071,
    "P95": 0.4402,
    "P99": 0.4402,
    "Mean": 0.046081250000000004,
    "AllocatedBytesPerOperation": 288
  },
  "TranslationFinalContentGeneration": 54,
  "RotationFinalContentGeneration": 54,
  "ScaleFinalContentGeneration": 54,
  "RelevantBinarySha256": {
    "Benchmark": "c05c51fc1dc53f270c4bfa7c135c00e0019de56406e634c01f8c7fbc5d6de811",
    "Backend": "0f75eb873f6d8b6f9685ec268bf1f7acb5e575220fa07100bdb862c1b936ba52",
    "Cad": "8354ee5f175d5793730b7e9f00b32519c1184442347d47a8e2926cb09b15eb8a",
    "Scene": "1c02ed13d024f171cb23b0b6a942c4c914ccb4770f23cde25009e0f03d4b413e",
    "TestsHeadless": "2e4555c19ed9101c300526d37ab8a7d87efa9de2c64566b384508bacce242915",
    "WinUI": "a6a576045ebc44bd2660d34af2fb0308b3d1c0739cdb541baa9294e2ab5e72de"
  }
}
