{
  "CapturedAt": "2026-09-01T03:30:21.571816+00:00",
  "OperatingSystem": "Unix 26.6.0",
  "Runtime": "10.0.5",
  "BenchmarkBinarySha256": "f28aaaf55e771bb948e4adc3d5d6b10ec0b9e031d581325db392674d53bf6d35",
  "CadBinarySha256": "80a515ac8a54b24c47c9e0bf4f057c14c61c65d641e1d54d50e6cbfd64a38dd5",
  "GridSize": 128,
  "DepthLayerCount": 4,
  "TriangleCount": 131072,
  "WarmupCount": 2,
  "BuildIterationCount": 6,
  "QueryCount": 10000,
  "IndexBuildMilliseconds": {
    "Name": "mesh3d-selection-index-build-ms",
    "P50": 25.1876,
    "P95": 28.4636,
    "P99": 28.4636,
    "Mean": 25.4389,
    "AllocatedBytesPerOperation": 18163112
  },
  "QueryNanoseconds": {
    "Name": "mesh3d-selection-query-ns",
    "P50": 2800,
    "P95": 3300,
    "P99": 3700,
    "Mean": 2902.33,
    "AllocatedBytesPerOperation": 0
  },
  "TotalQueryManagedAllocatedBytes": 0,
  "SemanticDepthQueryNanoseconds": {
    "Name": "mesh3d-selection-semantic-depth-query-ns",
    "P50": 10200,
    "P95": 12200,
    "P99": 14000,
    "Mean": 10348.4,
    "AllocatedBytesPerOperation": 0
  },
  "TotalSemanticDepthQueryManagedAllocatedBytes": 0,
  "ProjectedPickTargetQueryNanoseconds": {
    "Name": "mesh3d-selection-projected-pick-target-query-ns",
    "P50": 27400,
    "P95": 33900,
    "P99": 79900,
    "Mean": 20690.92,
    "AllocatedBytesPerOperation": 0
  },
  "TotalProjectedPickTargetQueryManagedAllocatedBytes": 0,
  "ModernMeshFaceSubobjectQueryNanoseconds": {
    "Name": "mesh3d-selection-modern-mesh-face-subobject-query-ns",
    "P50": 15900,
    "P95": 37200,
    "P99": 61900,
    "Mean": 18101.89,
    "AllocatedBytesPerOperation": 0
  },
  "TotalModernMeshFaceSubobjectQueryManagedAllocatedBytes": 0,
  "ModernMeshFaceSubobjectRegionQueryNanoseconds": {
    "Name": "mesh3d-selection-modern-mesh-face-subobject-region-query-ns",
    "P50": 249100,
    "P95": 297300,
    "P99": 454400,
    "Mean": 257494.39,
    "AllocatedBytesPerOperation": 0
  },
  "TotalModernMeshFaceSubobjectRegionQueryManagedAllocatedBytes": 0,

  "ModernMeshFaceSubobjectLassoQueryNanoseconds": {
    "Name": "mesh3d-selection-modern-mesh-face-subobject-lasso-query-ns",
    "P50": 264000,
    "P95": 378900,
    "P99": 557900,
    "Mean": 279410,
    "AllocatedBytesPerOperation": 0
  },
  "TotalModernMeshFaceSubobjectLassoQueryManagedAllocatedBytes": 0,
  "ModernMeshFaceSubobjectFenceQueryNanoseconds": {
    "Name": "mesh3d-selection-modern-mesh-face-subobject-fence-query-ns",
    "P50": 203500,
    "P95": 247200,
    "P99": 379700,
    "Mean": 227684.43,
    "AllocatedBytesPerOperation": 0
  },
  "TotalModernMeshFaceSubobjectFenceQueryManagedAllocatedBytes": 0,
  "ProjectedCrossingQueryNanoseconds": {
    "Name": "mesh3d-selection-projected-crossing-query-ns",
    "P50": 40800,
    "P95": 115400,
    "P99": 185200,
    "Mean": 52343.8,
    "AllocatedBytesPerOperation": 0
  },
  "TotalProjectedCrossingQueryManagedAllocatedBytes": 0,
  "ProjectedLassoQueryNanoseconds": {
    "Name": "mesh3d-selection-projected-lasso-query-ns",
    "P50": 53400,
    "P95": 158200,
    "P99": 243600,
    "Mean": 69313.32,
    "AllocatedBytesPerOperation": 0
  },
  "TotalProjectedLassoQueryManagedAllocatedBytes": 0,
  "ProjectedFenceQueryNanoseconds": {
    "Name": "mesh3d-selection-projected-fence-query-ns",
    "P50": 32500,
    "P95": 82100,
    "P99": 139500,
    "Mean": 37825.04,
    "AllocatedBytesPerOperation": 0
  },
  "TotalProjectedFenceQueryManagedAllocatedBytes": 0,
  "IndexStatistics": {
    "TriangleCount": 131072,
    "NodeCount": 32767,
    "LeafCount": 16384,
    "MaximumDepth": 15,
    "RetainedByteCount": 11870568,
    "SubobjectCount": 264196
  },
  "AverageVisitedNodeCount": 17,
  "AverageTestedTriangleCount": 8,
  "MaximumVisitedNodeCount": 17,
  "MaximumTestedTriangleCount": 8,
  "SemanticDepthAverageVisitedNodeCount": 51,
  "SemanticDepthAverageTestedTriangleCount": 32,
  "SemanticDepthAverageIntersectedTriangleCount": 4.0628,
  "SemanticDepthMaximumVisitedNodeCount": 51,
  "SemanticDepthMaximumTestedTriangleCount": 32,
  "ProjectedPickTargetAverageVisitedNodeCount": 51,
  "ProjectedPickTargetAverageTestedTriangleCount": 32,
  "ProjectedPickTargetAverageIntersectedTriangleCount": 12,
  "ProjectedPickTargetAverageHitCount": 4,
  "ProjectedPickTargetMaximumVisitedNodeCount": 51,
  "ProjectedPickTargetMaximumTestedTriangleCount": 32,
  "ModernMeshFaceSubobjectAverageVisitedNodeCount": 96.9286,
  "ModernMeshFaceSubobjectAverageTestedTriangleCount": 64.5024,
  "ModernMeshFaceSubobjectAverageIntersectedTriangleCount": 5.9763,
  "ModernMeshFaceSubobjectAverageHitCount": 4,
  "ModernMeshFaceSubobjectMaximumVisitedNodeCount": 145,
  "ModernMeshFaceSubobjectMaximumTestedTriangleCount": 96,
  "ModernMeshFaceSubobjectRegionAverageVisitedNodeCount": 165.361,
  "ModernMeshFaceSubobjectRegionAverageTestedTriangleCount": 245.3464,
  "ModernMeshFaceSubobjectRegionAverageIntersectedTriangleCount": 127.0274,
  "ModernMeshFaceSubobjectRegionAverageHitCount": 77.6111,
  "ModernMeshFaceSubobjectRegionMaximumVisitedNodeCount": 233,
  "ModernMeshFaceSubobjectRegionMaximumTestedTriangleCount": 352,
  "ModernMeshFaceSubobjectLassoAverageVisitedNodeCount": 165.361,
  "ModernMeshFaceSubobjectLassoAverageTestedTriangleCount": 245.3464,
  "ModernMeshFaceSubobjectLassoAverageIntersectedTriangleCount": 84.929,
  "ModernMeshFaceSubobjectLassoAverageHitCount": 53.5814,
  "ModernMeshFaceSubobjectLassoMaximumVisitedNodeCount": 233,
  "ModernMeshFaceSubobjectLassoMaximumTestedTriangleCount": 352,
  "ModernMeshFaceSubobjectFenceAverageVisitedNodeCount": 131.6643,
  "ModernMeshFaceSubobjectFenceAverageTestedTriangleCount": 154.7488,
  "ModernMeshFaceSubobjectFenceAverageIntersectedTriangleCount": 31.6831,
  "ModernMeshFaceSubobjectFenceAverageHitCount": 19.6831,
  "ModernMeshFaceSubobjectFenceMaximumVisitedNodeCount": 213,
  "ModernMeshFaceSubobjectFenceMaximumTestedTriangleCount": 224,
  "ProjectedCrossingAverageVisitedNodeCount": 165.361,
  "ProjectedCrossingAverageTestedTriangleCount": 245.3464,
  "ProjectedCrossingAverageIntersectedTriangleCount": 127.0274,
  "ProjectedCrossingMaximumVisitedNodeCount": 233,
  "ProjectedCrossingMaximumTestedTriangleCount": 352,
  "ProjectedLassoAverageVisitedNodeCount": 165.361,
  "ProjectedLassoAverageTestedTriangleCount": 245.3464,
  "ProjectedLassoAverageIntersectedTriangleCount": 84.929,
  "ProjectedLassoAverageHandleCount": 4,
  "ProjectedLassoMaximumVisitedNodeCount": 233,
  "ProjectedLassoMaximumTestedTriangleCount": 352,
  "ProjectedFenceAverageVisitedNodeCount": 131.6643,
  "ProjectedFenceAverageTestedTriangleCount": 154.7488,
  "ProjectedFenceAverageIntersectedTriangleCount": 31.6831,
  "ProjectedFenceAverageHandleCount": 4,
  "ProjectedFenceMaximumVisitedNodeCount": 213,
  "ProjectedFenceMaximumTestedTriangleCount": 224,
  "Checksum": 16078
}
