{
  "CapturedAt": "2026-09-01T03:30:49.07153+00:00",
  "OperatingSystem": "Unix 26.6.0",
  "Runtime": "10.0.5",
  "BenchmarkBinarySha256": "f28aaaf55e771bb948e4adc3d5d6b10ec0b9e031d581325db392674d53bf6d35",
  "CadBinarySha256": "80a515ac8a54b24c47c9e0bf4f057c14c61c65d641e1d54d50e6cbfd64a38dd5",
  "GridSize": 128,
  "DepthLayerCount": 4,
  "TriangleCount": 131072,
  "WarmupCount": 2,
  "BuildIterationCount": 6,
  "QueryCount": 10000,
  "IndexBuildMilliseconds": {
    "Name": "mesh3d-selection-index-build-ms",
    "P50": 24.818,
    "P95": 29.2863,
    "P99": 29.2863,
    "Mean": 25.98991666666667,
    "AllocatedBytesPerOperation": 18163112
  },
  "QueryNanoseconds": {
    "Name": "mesh3d-selection-query-ns",
    "P50": 2900,
    "P95": 3600,
    "P99": 8500,
    "Mean": 3107.58,
    "AllocatedBytesPerOperation": 0
  },
  "TotalQueryManagedAllocatedBytes": 0,
  "SemanticDepthQueryNanoseconds": {
    "Name": "mesh3d-selection-semantic-depth-query-ns",
    "P50": 10700,
    "P95": 13100,
    "P99": 20700,
    "Mean": 10990.4,
    "AllocatedBytesPerOperation": 0
  },
  "TotalSemanticDepthQueryManagedAllocatedBytes": 0,
  "ProjectedPickTargetQueryNanoseconds": {
    "Name": "mesh3d-selection-projected-pick-target-query-ns",
    "P50": 7000,
    "P95": 32200,
    "P99": 40600,
    "Mean": 16620.03,
    "AllocatedBytesPerOperation": 0
  },
  "TotalProjectedPickTargetQueryManagedAllocatedBytes": 0,
  "ModernMeshFaceSubobjectQueryNanoseconds": {
    "Name": "mesh3d-selection-modern-mesh-face-subobject-query-ns",
    "P50": 15000,
    "P95": 34800,
    "P99": 65100,
    "Mean": 18147.26,
    "AllocatedBytesPerOperation": 0
  },
  "TotalModernMeshFaceSubobjectQueryManagedAllocatedBytes": 0,
  "ModernMeshFaceSubobjectRegionQueryNanoseconds": {
    "Name": "mesh3d-selection-modern-mesh-face-subobject-region-query-ns",
    "P50": 245000,
    "P95": 283600,
    "P99": 399500,
    "Mean": 251099.6,
    "AllocatedBytesPerOperation": 0
  },
  "TotalModernMeshFaceSubobjectRegionQueryManagedAllocatedBytes": 0,
  "ModernMeshFaceSubobjectLassoQueryNanoseconds": {
    "Name": "mesh3d-selection-modern-mesh-face-subobject-lasso-query-ns",
    "P50": 256300,
    "P95": 289000,
    "P99": 373200,
    "Mean": 260823.31,
    "AllocatedBytesPerOperation": 0
  },
  "TotalModernMeshFaceSubobjectLassoQueryManagedAllocatedBytes": 0,
  "ModernMeshFaceSubobjectFenceQueryNanoseconds": {
    "Name": "mesh3d-selection-modern-mesh-face-subobject-fence-query-ns",
    "P50": 202500,
    "P95": 250900,
    "P99": 367700,
    "Mean": 209008.01,
    "AllocatedBytesPerOperation": 0
  },
  "TotalModernMeshFaceSubobjectFenceQueryManagedAllocatedBytes": 0,
  "ProjectedCrossingQueryNanoseconds": {
    "Name": "mesh3d-selection-projected-crossing-query-ns",
    "P50": 34500,
    "P95": 45100,
    "P99": 55700,
    "Mean": 35330.55,
    "AllocatedBytesPerOperation": 0
  },
  "TotalProjectedCrossingQueryManagedAllocatedBytes": 0,
  "ProjectedLassoQueryNanoseconds": {
    "Name": "mesh3d-selection-projected-lasso-query-ns",
    "P50": 52000,
    "P95": 131000,
    "P99": 182300,
    "Mean": 60815.49,
    "AllocatedBytesPerOperation": 0
  },
  "TotalProjectedLassoQueryManagedAllocatedBytes": 0,
  "ProjectedFenceQueryNanoseconds": {
    "Name": "mesh3d-selection-projected-fence-query-ns",
    "P50": 32200,
    "P95": 76500,
    "P99": 131300,
    "Mean": 37013.93,
    "AllocatedBytesPerOperation": 0
  },
  "TotalProjectedFenceQueryManagedAllocatedBytes": 0,
  "IndexStatistics": {
    "TriangleCount": 131072,
    "NodeCount": 32767,
    "LeafCount": 16384,
    "MaximumDepth": 15,
    "RetainedByteCount": 11870568,
    "SubobjectCount": 264196
  },
  "AverageVisitedNodeCount": 17,
  "AverageTestedTriangleCount": 8,
  "MaximumVisitedNodeCount": 17,
  "MaximumTestedTriangleCount": 8,
  "SemanticDepthAverageVisitedNodeCount": 51,
  "SemanticDepthAverageTestedTriangleCount": 32,
  "SemanticDepthAverageIntersectedTriangleCount": 4.0628,
  "SemanticDepthMaximumVisitedNodeCount": 51,
  "SemanticDepthMaximumTestedTriangleCount": 32,
  "ProjectedPickTargetAverageVisitedNodeCount": 51,
  "ProjectedPickTargetAverageTestedTriangleCount": 32,
  "ProjectedPickTargetAverageIntersectedTriangleCount": 12,
  "ProjectedPickTargetAverageHitCount": 4,
  "ProjectedPickTargetMaximumVisitedNodeCount": 51,
  "ProjectedPickTargetMaximumTestedTriangleCount": 32,
  "ModernMeshFaceSubobjectAverageVisitedNodeCount": 96.9286,
  "ModernMeshFaceSubobjectAverageTestedTriangleCount": 64.5024,
  "ModernMeshFaceSubobjectAverageIntersectedTriangleCount": 5.9763,
  "ModernMeshFaceSubobjectAverageHitCount": 4,
  "ModernMeshFaceSubobjectMaximumVisitedNodeCount": 145,
  "ModernMeshFaceSubobjectMaximumTestedTriangleCount": 96,
  "ModernMeshFaceSubobjectRegionAverageVisitedNodeCount": 165.361,
  "ModernMeshFaceSubobjectRegionAverageTestedTriangleCount": 245.3464,
  "ModernMeshFaceSubobjectRegionAverageIntersectedTriangleCount": 127.0274,
  "ModernMeshFaceSubobjectRegionAverageHitCount": 77.6111,
  "ModernMeshFaceSubobjectRegionMaximumVisitedNodeCount": 233,
  "ModernMeshFaceSubobjectRegionMaximumTestedTriangleCount": 352,
  "ModernMeshFaceSubobjectLassoAverageVisitedNodeCount": 165.361,
  "ModernMeshFaceSubobjectLassoAverageTestedTriangleCount": 245.3464,
  "ModernMeshFaceSubobjectLassoAverageIntersectedTriangleCount": 84.929,
  "ModernMeshFaceSubobjectLassoAverageHitCount": 53.5814,
  "ModernMeshFaceSubobjectLassoMaximumVisitedNodeCount": 233,
  "ModernMeshFaceSubobjectLassoMaximumTestedTriangleCount": 352,
  "ModernMeshFaceSubobjectFenceAverageVisitedNodeCount": 131.6643,
  "ModernMeshFaceSubobjectFenceAverageTestedTriangleCount": 154.7488,
  "ModernMeshFaceSubobjectFenceAverageIntersectedTriangleCount": 31.6831,
  "ModernMeshFaceSubobjectFenceAverageHitCount": 19.6831,
  "ModernMeshFaceSubobjectFenceMaximumVisitedNodeCount": 213,
  "ModernMeshFaceSubobjectFenceMaximumTestedTriangleCount": 224,
  "ProjectedCrossingAverageVisitedNodeCount": 165.361,
  "ProjectedCrossingAverageTestedTriangleCount": 245.3464,
  "ProjectedCrossingAverageIntersectedTriangleCount": 127.0274,
  "ProjectedCrossingMaximumVisitedNodeCount": 233,
  "ProjectedCrossingMaximumTestedTriangleCount": 352,
  "ProjectedLassoAverageVisitedNodeCount": 165.361,
  "ProjectedLassoAverageTestedTriangleCount": 245.3464,
  "ProjectedLassoAverageIntersectedTriangleCount": 84.929,
  "ProjectedLassoAverageHandleCount": 4,
  "ProjectedLassoMaximumVisitedNodeCount": 233,
  "ProjectedLassoMaximumTestedTriangleCount": 352,
  "ProjectedFenceAverageVisitedNodeCount": 131.6643,
  "ProjectedFenceAverageTestedTriangleCount": 154.7488,
  "ProjectedFenceAverageIntersectedTriangleCount": 31.6831,
  "ProjectedFenceAverageHandleCount": 4,
  "ProjectedFenceMaximumVisitedNodeCount": 213,
  "ProjectedFenceMaximumTestedTriangleCount": 224,
  "Checksum": 16078
}
