{
  "CapturedAt": "2026-09-01T01:10:33.146241+00:00",
  "OperatingSystem": "Unix 26.6.0",
  "Runtime": "10.0.5",
  "BenchmarkBinarySha256": "6e43154a4a4a014932b5e871a0075570dd656f4ec0f34dea43ecfdc019773949",
  "CadBinarySha256": "aa564b3a90a465b0583b022ed3706735707f08edcbd436babdbc22e05c18dfd5",
  "GridSize": 128,
  "DepthLayerCount": 8,
  "TriangleCount": 262144,
  "WarmupCount": 1,
  "BuildIterationCount": 2,
  "QueryCount": 10000,
  "IndexBuildMilliseconds": {
    "Name": "mesh3d-selection-index-build-ms",
    "P50": 62.57,
    "P95": 72.1111,
    "P99": 72.1111,
    "Mean": 67.34055,
    "AllocatedBytesPerOperation": 17302472
  },
  "QueryNanoseconds": {
    "Name": "mesh3d-selection-query-ns",
    "P50": 4300,
    "P95": 14700,
    "P99": 43900,
    "Mean": 7169.56,
    "AllocatedBytesPerOperation": 0
  },
  "TotalQueryManagedAllocatedBytes": 0,
  "SemanticDepthQueryNanoseconds": {
    "Name": "mesh3d-selection-semantic-depth-query-ns",
    "P50": 15200,
    "P95": 46000,
    "P99": 101700,
    "Mean": 20124.43,
    "AllocatedBytesPerOperation": 0
  },
  "TotalSemanticDepthQueryManagedAllocatedBytes": 0,
  "ProjectedPickTargetQueryNanoseconds": {
    "Name": "mesh3d-selection-projected-pick-target-query-ns",
    "P50": 11500,
    "P95": 34400,
    "P99": 58000,
    "Mean": 15047.3,
    "AllocatedBytesPerOperation": 0
  },
  "TotalProjectedPickTargetQueryManagedAllocatedBytes": 0,
  "ProjectedCrossingQueryNanoseconds": {
    "Name": "mesh3d-selection-projected-crossing-query-ns",
    "P50": 91000,
    "P95": 258500,
    "P99": 364400,
    "Mean": 118986.92,
    "AllocatedBytesPerOperation": 0
  },
  "TotalProjectedCrossingQueryManagedAllocatedBytes": 0,
  "IndexStatistics": {
    "TriangleCount": 262144,
    "NodeCount": 65535,
    "LeafCount": 32768,
    "MaximumDepth": 16,
    "RetainedByteCount": 4718712
  },
  "AverageVisitedNodeCount": 19,
  "AverageTestedTriangleCount": 8,
  "MaximumVisitedNodeCount": 19,
  "MaximumTestedTriangleCount": 8,
  "SemanticDepthAverageVisitedNodeCount": 91.002,
  "SemanticDepthAverageTestedTriangleCount": 64,
  "SemanticDepthAverageIntersectedTriangleCount": 8.1256,
  "SemanticDepthMaximumVisitedNodeCount": 96,
  "SemanticDepthMaximumTestedTriangleCount": 64,
  "ProjectedPickTargetAverageVisitedNodeCount": 91,
  "ProjectedPickTargetAverageTestedTriangleCount": 64,
  "ProjectedPickTargetAverageIntersectedTriangleCount": 24,
  "ProjectedPickTargetAverageHitCount": 8,
  "ProjectedPickTargetMaximumVisitedNodeCount": 91,
  "ProjectedPickTargetMaximumTestedTriangleCount": 64,
  "ProjectedCrossingAverageVisitedNodeCount": 314.3931,
  "ProjectedCrossingAverageTestedTriangleCount": 488.496,
  "ProjectedCrossingAverageIntersectedTriangleCount": 254.0222,
  "ProjectedCrossingMaximumVisitedNodeCount": 439,
  "ProjectedCrossingMaximumTestedTriangleCount": 656,
  "Checksum": 16773
}
