{
  "CapturedAt": "2026-09-01T05:02:26.618544+00:00",
  "OperatingSystem": "Unix 26.6.0",
  "Runtime": ".NET 10.0.5",
  "GridSize": 128,
  "ControlVertexCount": 16641,
  "AuthoredFaceCount": 16384,
  "SelectedFaceCount": 1024,
  "WarmupCount": 2,
  "IterationCount": 16,
  "TranslationSnapshotSceneMilliseconds": {
    "Name": "mesh-subobject-translate-snapshot-scene-ms",
    "P50": 418.9501,
    "P95": 660.262,
    "P99": 660.262,
    "Mean": 440.71079999999995,
    "AllocatedBytesPerOperation": 209355783
  },
  "RotationSnapshotSceneMilliseconds": {
    "Name": "mesh-subobject-rotate-snapshot-scene-ms",
    "P50": 423.6392,
    "P95": 459.9109,
    "P99": 459.9109,
    "Mean": 422.93538749999993,
    "AllocatedBytesPerOperation": 209046276
  },
  "ScaleSnapshotSceneMilliseconds": {
    "Name": "mesh-subobject-scale-snapshot-scene-ms",
    "P50": 420.0847,
    "P95": 560.3257,
    "P99": 560.3257,
    "Mean": 450.06408124999996,
    "AllocatedBytesPerOperation": 209351996
  },
  "DeletionSnapshotSceneMilliseconds": {
    "Name": "mesh-subobject-delete-snapshot-scene-ms",
    "P50": 658.9723,
    "P95": 796.4941,
    "P99": 796.4941,
    "Mean": 680.1259875000001,
    "AllocatedBytesPerOperation": 202985070
  },
  "TranslationUndoRedoMilliseconds": {
    "Name": "mesh-subobject-translate-undo-redo-ms",
    "P50": 0.0248,
    "P95": 0.0275,
    "P99": 0.0275,
    "Mean": 0.0252,
    "AllocatedBytesPerOperation": 304
  },
  "RotationUndoRedoMilliseconds": {
    "Name": "mesh-subobject-rotate-undo-redo-ms",
    "P50": 0.0248,
    "P95": 0.0323,
    "P99": 0.0323,
    "Mean": 0.025793749999999994,
    "AllocatedBytesPerOperation": 288
  },
  "ScaleUndoRedoMilliseconds": {
    "Name": "mesh-subobject-scale-undo-redo-ms",
    "P50": 0.0094,
    "P95": 0.218,
    "P99": 0.218,
    "Mean": 0.02529375,
    "AllocatedBytesPerOperation": 288
  },
  "DeletionUndoRedoMilliseconds": {
    "Name": "mesh-subobject-delete-undo-redo-ms",
    "P50": 0.0408,
    "P95": 0.2662,
    "P99": 0.2662,
    "Mean": 0.058375,
    "AllocatedBytesPerOperation": 496
  },
  "TranslationFinalContentGeneration": 54,
  "RotationFinalContentGeneration": 54,
  "ScaleFinalContentGeneration": 54,
  "DeletionFinalContentGeneration": 73,
  "RelevantBinarySha256": {
    "Benchmark": "fb13c47867f381fe86514bf26bb8852de3efe2bddb745301d2730c637f34761d",
    "Backend": "702a086ce67df961a555605720ab6567cf3bfc4e322d7b9c1cc53c8c82bc64ca",
    "Cad": "b815a2c4a9cf4403612b9749a53c1c4d1577467b502a044760c2053825a408f0",
    "Scene": "fc18414ea6aafa1309530f754327f762c0d2e4232be827dcaf6dbe4e5cd9428a",
    "TestsHeadless": "ae4934a653041903a368cdfe21241b483a8d2f0ad729e5cfbc7d2c1d95ff2d98",
    "WinUI": "87a4d664f7a638013a568b0b53ead1428f738bfd9c9335f5a769e610b655ef0c"
  }
}
