{
  "CapturedAt": "2026-09-01T00:25:38.614989+00:00",
  "OperatingSystem": "Unix 26.6.0",
  "Runtime": "10.0.5",
  "BenchmarkBinarySha256": "18b28bb88fc1128a2b1ba448fccea19c58974732df3b06c7a2de9e2744256fce",
  "CadBinarySha256": "1d16a1dda0151684b5fadfba6f9001719b7917dbb51fb393da31a9bd40d5315b",
  "GridSize": 16,
  "DepthLayerCount": 8,
  "TriangleCount": 4096,
  "WarmupCount": 1,
  "BuildIterationCount": 2,
  "QueryCount": 1000,
  "IndexBuildMilliseconds": {
    "Name": "mesh3d-selection-index-build-ms",
    "P50": 4.3571,
    "P95": 8.3267,
    "P99": 8.3267,
    "Mean": 6.341900000000001,
    "AllocatedBytesPerOperation": 271304
  },
  "QueryNanoseconds": {
    "Name": "mesh3d-selection-query-ns",
    "P50": 3400,
    "P95": 15200,
    "P99": 41100,
    "Mean": 5975.7,
    "AllocatedBytesPerOperation": 0
  },
  "TotalQueryManagedAllocatedBytes": 0,
  "SemanticDepthQueryNanoseconds": {
    "Name": "mesh3d-selection-semantic-depth-query-ns",
    "P50": 19500,
    "P95": 23000,
    "P99": 51700,
    "Mean": 20574.6,
    "AllocatedBytesPerOperation": 0
  },
  "TotalSemanticDepthQueryManagedAllocatedBytes": 0,
  "ProjectedCrossingQueryNanoseconds": {
    "Name": "mesh3d-selection-projected-crossing-query-ns",
    "P50": 76200,
    "P95": 118000,
    "P99": 250200,
    "Mean": 82520.8,
    "AllocatedBytesPerOperation": 0
  },
  "TotalProjectedCrossingQueryManagedAllocatedBytes": 0,
  "IndexStatistics": {
    "TriangleCount": 4096,
    "NodeCount": 1023,
    "LeafCount": 512,
    "MaximumDepth": 10,
    "RetainedByteCount": 73848
  },
  "AverageVisitedNodeCount": 13,
  "AverageTestedTriangleCount": 8,
  "MaximumVisitedNodeCount": 13,
  "MaximumTestedTriangleCount": 8,
  "SemanticDepthAverageVisitedNodeCount": 43,
  "SemanticDepthAverageTestedTriangleCount": 64,
  "SemanticDepthAverageIntersectedTriangleCount": 9.248,
  "SemanticDepthMaximumVisitedNodeCount": 43,
  "SemanticDepthMaximumTestedTriangleCount": 64,
  "ProjectedCrossingAverageVisitedNodeCount": 98.962,
  "ProjectedCrossingAverageTestedTriangleCount": 190.56,
  "ProjectedCrossingAverageIntersectedTriangleCount": 20.39,
  "ProjectedCrossingMaximumVisitedNodeCount": 121,
  "ProjectedCrossingMaximumTestedTriangleCount": 192,
  "Checksum": 387
}
