{
  "CapturedAt": "2026-08-31T23:38:28.892489+00:00",
  "OperatingSystem": "Unix 26.6.0",
  "Runtime": "10.0.5",
  "BenchmarkBinarySha256": "6742277da72e4aba30b00df669ff1f88cf777a8fc2a921669d01ce1fadbb5a95",
  "CadBinarySha256": "89433ba0158ebe432689c1d39632954f0b728f309c7aa35761f6127faa21370c",
  "GridSize": 128,
  "DepthLayerCount": 8,
  "TriangleCount": 262144,
  "WarmupCount": 1,
  "BuildIterationCount": 2,
  "QueryCount": 10000,
  "IndexBuildMilliseconds": {
    "Name": "mesh3d-selection-index-build-ms",
    "P50": 78.0872,
    "P95": 104.5172,
    "P99": 104.5172,
    "Mean": 91.3022,
    "AllocatedBytesPerOperation": 17301624
  },
  "QueryNanoseconds": {
    "Name": "mesh3d-selection-query-ns",
    "P50": 3600,
    "P95": 9900,
    "P99": 24400,
    "Mean": 4769.11,
    "AllocatedBytesPerOperation": 0
  },
  "TotalQueryManagedAllocatedBytes": 0,
  "SemanticDepthQueryNanoseconds": {
    "Name": "mesh3d-selection-semantic-depth-query-ns",
    "P50": 8700,
    "P95": 28000,
    "P99": 55800,
    "Mean": 12105.87,
    "AllocatedBytesPerOperation": 0
  },
  "TotalSemanticDepthQueryManagedAllocatedBytes": 0,
  "IndexStatistics": {
    "TriangleCount": 262144,
    "NodeCount": 65535,
    "LeafCount": 32768,
    "MaximumDepth": 16,
    "RetainedByteCount": 4718552
  },
  "AverageVisitedNodeCount": 19,
  "AverageTestedTriangleCount": 8,
  "MaximumVisitedNodeCount": 19,
  "MaximumTestedTriangleCount": 8,
  "SemanticDepthAverageVisitedNodeCount": 91.002,
  "SemanticDepthAverageTestedTriangleCount": 64,
  "SemanticDepthAverageIntersectedTriangleCount": 8.1256,
  "SemanticDepthMaximumVisitedNodeCount": 96,
  "SemanticDepthMaximumTestedTriangleCount": 64,
  "Checksum": 16773
}
