{
  "CapturedAt": "2026-09-01T02:02:46.444941+00:00",
  "OperatingSystem": "Unix 26.6.0",
  "Runtime": "10.0.5",
  "BenchmarkBinarySha256": "b144a5eb32c2995b30f6ec48be7296876c82f5b0e2039d2671a7b5c2e770bc69",
  "CadBinarySha256": "5be65dd7df43b5f30c15d4b7604f79fac64cd635c284f29bb6b0584bf5217e16",
  "GridSize": 128,
  "DepthLayerCount": 8,
  "TriangleCount": 262144,
  "WarmupCount": 1,
  "BuildIterationCount": 2,
  "QueryCount": 10000,
  "IndexBuildMilliseconds": {
    "Name": "mesh3d-selection-index-build-ms",
    "P50": 72.1404,
    "P95": 78.1656,
    "P99": 78.1656,
    "Mean": 75.15299999999999,
    "AllocatedBytesPerOperation": 17302472
  },
  "QueryNanoseconds": {
    "Name": "mesh3d-selection-query-ns",
    "P50": 3800,
    "P95": 10500,
    "P99": 26100,
    "Mean": 5333.47,
    "AllocatedBytesPerOperation": 0
  },
  "TotalQueryManagedAllocatedBytes": 0,
  "SemanticDepthQueryNanoseconds": {
    "Name": "mesh3d-selection-semantic-depth-query-ns",
    "P50": 21400,
    "P95": 64700,
    "P99": 108200,
    "Mean": 26083.26,
    "AllocatedBytesPerOperation": 0
  },
  "TotalSemanticDepthQueryManagedAllocatedBytes": 0,
  "ProjectedPickTargetQueryNanoseconds": {
    "Name": "mesh3d-selection-projected-pick-target-query-ns",
    "P50": 12500,
    "P95": 41900,
    "P99": 64600,
    "Mean": 17817.35,
    "AllocatedBytesPerOperation": 0
  },
  "TotalProjectedPickTargetQueryManagedAllocatedBytes": 0,
  "ProjectedCrossingQueryNanoseconds": {
    "Name": "mesh3d-selection-projected-crossing-query-ns",
    "P50": 80700,
    "P95": 196500,
    "P99": 273400,
    "Mean": 95624.34,
    "AllocatedBytesPerOperation": 0
  },
  "TotalProjectedCrossingQueryManagedAllocatedBytes": 0,
  "ProjectedLassoQueryNanoseconds": {
    "Name": "mesh3d-selection-projected-lasso-query-ns",
    "P50": 158500,
    "P95": 361200,
    "P99": 462100,
    "Mean": 190212.03,
    "AllocatedBytesPerOperation": 0
  },
  "TotalProjectedLassoQueryManagedAllocatedBytes": 0,
  "ProjectedFenceQueryNanoseconds": {
    "Name": "mesh3d-selection-projected-fence-query-ns",
    "P50": 73600,
    "P95": 158900,
    "P99": 231000,
    "Mean": 82789.07,
    "AllocatedBytesPerOperation": 0
  },
  "TotalProjectedFenceQueryManagedAllocatedBytes": 0,
  "IndexStatistics": {
    "TriangleCount": 262144,
    "NodeCount": 65535,
    "LeafCount": 32768,
    "MaximumDepth": 16,
    "RetainedByteCount": 4718712
  },
  "AverageVisitedNodeCount": 19,
  "AverageTestedTriangleCount": 8,
  "MaximumVisitedNodeCount": 19,
  "MaximumTestedTriangleCount": 8,
  "SemanticDepthAverageVisitedNodeCount": 91.002,
  "SemanticDepthAverageTestedTriangleCount": 64,
  "SemanticDepthAverageIntersectedTriangleCount": 8.1256,
  "SemanticDepthMaximumVisitedNodeCount": 96,
  "SemanticDepthMaximumTestedTriangleCount": 64,
  "ProjectedPickTargetAverageVisitedNodeCount": 91,
  "ProjectedPickTargetAverageTestedTriangleCount": 64,
  "ProjectedPickTargetAverageIntersectedTriangleCount": 24,
  "ProjectedPickTargetAverageHitCount": 8,
  "ProjectedPickTargetMaximumVisitedNodeCount": 91,
  "ProjectedPickTargetMaximumTestedTriangleCount": 64,
  "ProjectedCrossingAverageVisitedNodeCount": 314.3931,
  "ProjectedCrossingAverageTestedTriangleCount": 488.496,
  "ProjectedCrossingAverageIntersectedTriangleCount": 254.0222,
  "ProjectedCrossingMaximumVisitedNodeCount": 439,
  "ProjectedCrossingMaximumTestedTriangleCount": 656,
  "ProjectedLassoAverageVisitedNodeCount": 314.3931,
  "ProjectedLassoAverageTestedTriangleCount": 488.496,
  "ProjectedLassoAverageIntersectedTriangleCount": 170.0547,
  "ProjectedLassoAverageHandleCount": 8,
  "ProjectedLassoMaximumVisitedNodeCount": 439,
  "ProjectedLassoMaximumTestedTriangleCount": 656,
  "ProjectedFenceAverageVisitedNodeCount": 251.8656,
  "ProjectedFenceAverageTestedTriangleCount": 322.556,
  "ProjectedFenceAverageIntersectedTriangleCount": 62.3417,
  "ProjectedFenceAverageHandleCount": 8,
  "ProjectedFenceMaximumVisitedNodeCount": 405,
  "ProjectedFenceMaximumTestedTriangleCount": 448,
  "Checksum": 16773
}
