{
  "CapturedAt": "2026-09-01T02:53:41.413767+00:00",
  "OperatingSystem": "Unix 26.6.0",
  "Runtime": "10.0.5",
  "BenchmarkBinarySha256": "9a639dff17a6c5a48b852de1e2f68ba68b5512c95dc57a3012f64c5d95ffefe1",
  "CadBinarySha256": "188f513ded9b704e04fce2ce590e99d6a658a001eaf6b098cd789dd2d9418a0a",
  "GridSize": 128,
  "DepthLayerCount": 4,
  "TriangleCount": 131072,
  "WarmupCount": 2,
  "BuildIterationCount": 6,
  "QueryCount": 10000,
  "IndexBuildMilliseconds": {
    "Name": "mesh3d-selection-index-build-ms",
    "P50": 20.1289,
    "P95": 21.1217,
    "P99": 21.1217,
    "Mean": 20.527466666666665,
    "AllocatedBytesPerOperation": 8652717
  },
  "QueryNanoseconds": {
    "Name": "mesh3d-selection-query-ns",
    "P50": 2700,
    "P95": 3100,
    "P99": 3500,
    "Mean": 2736.81,
    "AllocatedBytesPerOperation": 0
  },
  "TotalQueryManagedAllocatedBytes": 0,
  "SemanticDepthQueryNanoseconds": {
    "Name": "mesh3d-selection-semantic-depth-query-ns",
    "P50": 9600,
    "P95": 12000,
    "P99": 13200,
    "Mean": 9791.6,
    "AllocatedBytesPerOperation": 0
  },
  "TotalSemanticDepthQueryManagedAllocatedBytes": 0,
  "ProjectedPickTargetQueryNanoseconds": {
    "Name": "mesh3d-selection-projected-pick-target-query-ns",
    "P50": 5500,
    "P95": 28800,
    "P99": 33700,
    "Mean": 9275.4,
    "AllocatedBytesPerOperation": 0
  },
  "TotalProjectedPickTargetQueryManagedAllocatedBytes": 0,
  "ModernMeshFaceSubobjectQueryNanoseconds": {
    "Name": "mesh3d-selection-modern-mesh-face-subobject-query-ns",
    "P50": 12900,
    "P95": 16200,
    "P99": 19000,
    "Mean": 13206.28,
    "AllocatedBytesPerOperation": 0
  },
  "TotalModernMeshFaceSubobjectQueryManagedAllocatedBytes": 0,
  "ProjectedCrossingQueryNanoseconds": {
    "Name": "mesh3d-selection-projected-crossing-query-ns",
    "P50": 31100,
    "P95": 41000,
    "P99": 45800,
    "Mean": 31548.71,
    "AllocatedBytesPerOperation": 0
  },
  "TotalProjectedCrossingQueryManagedAllocatedBytes": 0,
  "ProjectedLassoQueryNanoseconds": {
    "Name": "mesh3d-selection-projected-lasso-query-ns",
    "P50": 44400,
    "P95": 59200,
    "P99": 76200,
    "Mean": 45562.19,
    "AllocatedBytesPerOperation": 0
  },
  "TotalProjectedLassoQueryManagedAllocatedBytes": 0,
  "ProjectedFenceQueryNanoseconds": {
    "Name": "mesh3d-selection-projected-fence-query-ns",
    "P50": 26800,
    "P95": 37700,
    "P99": 42200,
    "Mean": 27238.48,
    "AllocatedBytesPerOperation": 0
  },
  "TotalProjectedFenceQueryManagedAllocatedBytes": 0,
  "IndexStatistics": {
    "TriangleCount": 131072,
    "NodeCount": 32767,
    "LeafCount": 16384,
    "MaximumDepth": 15,
    "RetainedByteCount": 2359336
  },
  "AverageVisitedNodeCount": 17,
  "AverageTestedTriangleCount": 8,
  "MaximumVisitedNodeCount": 17,
  "MaximumTestedTriangleCount": 8,
  "SemanticDepthAverageVisitedNodeCount": 51,
  "SemanticDepthAverageTestedTriangleCount": 32,
  "SemanticDepthAverageIntersectedTriangleCount": 4.0628,
  "SemanticDepthMaximumVisitedNodeCount": 51,
  "SemanticDepthMaximumTestedTriangleCount": 32,
  "ProjectedPickTargetAverageVisitedNodeCount": 51,
  "ProjectedPickTargetAverageTestedTriangleCount": 32,
  "ProjectedPickTargetAverageIntersectedTriangleCount": 12,
  "ProjectedPickTargetAverageHitCount": 4,
  "ProjectedPickTargetMaximumVisitedNodeCount": 51,
  "ProjectedPickTargetMaximumTestedTriangleCount": 32,
  "ModernMeshFaceSubobjectAverageVisitedNodeCount": 96.9286,
  "ModernMeshFaceSubobjectAverageTestedTriangleCount": 64.5024,
  "ModernMeshFaceSubobjectAverageIntersectedTriangleCount": 5.9763,
  "ModernMeshFaceSubobjectAverageHitCount": 4,
  "ModernMeshFaceSubobjectMaximumVisitedNodeCount": 145,
  "ModernMeshFaceSubobjectMaximumTestedTriangleCount": 96,
  "ProjectedCrossingAverageVisitedNodeCount": 165.361,
  "ProjectedCrossingAverageTestedTriangleCount": 245.3464,
  "ProjectedCrossingAverageIntersectedTriangleCount": 127.0274,
  "ProjectedCrossingMaximumVisitedNodeCount": 233,
  "ProjectedCrossingMaximumTestedTriangleCount": 352,
  "ProjectedLassoAverageVisitedNodeCount": 165.361,
  "ProjectedLassoAverageTestedTriangleCount": 245.3464,
  "ProjectedLassoAverageIntersectedTriangleCount": 84.929,
  "ProjectedLassoAverageHandleCount": 4,
  "ProjectedLassoMaximumVisitedNodeCount": 233,
  "ProjectedLassoMaximumTestedTriangleCount": 352,
  "ProjectedFenceAverageVisitedNodeCount": 131.6643,
  "ProjectedFenceAverageTestedTriangleCount": 154.7488,
  "ProjectedFenceAverageIntersectedTriangleCount": 31.6831,
  "ProjectedFenceAverageHandleCount": 4,
  "ProjectedFenceMaximumVisitedNodeCount": 213,

  "ProjectedFenceMaximumTestedTriangleCount": 224,
  "Checksum": 29548
}
