{
  "CapturedAt": "2026-09-01T02:53:18.057697+00:00",
  "OperatingSystem": "Unix 26.6.0",
  "Runtime": "10.0.5",
  "BenchmarkBinarySha256": "9a639dff17a6c5a48b852de1e2f68ba68b5512c95dc57a3012f64c5d95ffefe1",
  "CadBinarySha256": "188f513ded9b704e04fce2ce590e99d6a658a001eaf6b098cd789dd2d9418a0a",
  "GridSize": 128,
  "DepthLayerCount": 4,
  "TriangleCount": 131072,
  "WarmupCount": 2,
  "BuildIterationCount": 6,
  "QueryCount": 10000,
  "IndexBuildMilliseconds": {
    "Name": "mesh3d-selection-index-build-ms",
    "P50": 33.5641,
    "P95": 48.867,
    "P99": 48.867,
    "Mean": 35.96523333333333,
    "AllocatedBytesPerOperation": 8651464
  },
  "QueryNanoseconds": {
    "Name": "mesh3d-selection-query-ns",
    "P50": 3000,
    "P95": 3800,
    "P99": 36200,
    "Mean": 4615.53,
    "AllocatedBytesPerOperation": 0
  },
  "TotalQueryManagedAllocatedBytes": 0,
  "SemanticDepthQueryNanoseconds": {
    "Name": "mesh3d-selection-semantic-depth-query-ns",
    "P50": 10700,
    "P95": 29000,
    "P99": 48800,
    "Mean": 13603.69,
    "AllocatedBytesPerOperation": 0
  },
  "TotalSemanticDepthQueryManagedAllocatedBytes": 0,
  "ProjectedPickTargetQueryNanoseconds": {
    "Name": "mesh3d-selection-projected-pick-target-query-ns",
    "P50": 6000,
    "P95": 17700,
    "P99": 26200,
    "Mean": 9694.29,
    "AllocatedBytesPerOperation": 0
  },
  "TotalProjectedPickTargetQueryManagedAllocatedBytes": 0,
  "ModernMeshFaceSubobjectQueryNanoseconds": {
    "Name": "mesh3d-selection-modern-mesh-face-subobject-query-ns",
    "P50": 18300,
    "P95": 43300,
    "P99": 110000,
    "Mean": 26762.53,
    "AllocatedBytesPerOperation": 0
  },
  "TotalModernMeshFaceSubobjectQueryManagedAllocatedBytes": 0,
  "ProjectedCrossingQueryNanoseconds": {
    "Name": "mesh3d-selection-projected-crossing-query-ns",
    "P50": 40500,
    "P95": 106000,
    "P99": 178300,
    "Mean": 57325.79,
    "AllocatedBytesPerOperation": 0
  },
  "TotalProjectedCrossingQueryManagedAllocatedBytes": 0,
  "ProjectedLassoQueryNanoseconds": {
    "Name": "mesh3d-selection-projected-lasso-query-ns",
    "P50": 70200,
    "P95": 213500,
    "P99": 348700,
    "Mean": 101568.3,
    "AllocatedBytesPerOperation": 0
  },
  "TotalProjectedLassoQueryManagedAllocatedBytes": 0,
  "ProjectedFenceQueryNanoseconds": {
    "Name": "mesh3d-selection-projected-fence-query-ns",
    "P50": 39200,
    "P95": 121000,
    "P99": 219800,
    "Mean": 56878.61,
    "AllocatedBytesPerOperation": 0
  },
  "TotalProjectedFenceQueryManagedAllocatedBytes": 0,
  "IndexStatistics": {
    "TriangleCount": 131072,
    "NodeCount": 32767,
    "LeafCount": 16384,
    "MaximumDepth": 15,
    "RetainedByteCount": 2359336
  },
  "AverageVisitedNodeCount": 17,
  "AverageTestedTriangleCount": 8,
  "MaximumVisitedNodeCount": 17,
  "MaximumTestedTriangleCount": 8,
  "SemanticDepthAverageVisitedNodeCount": 51,
  "SemanticDepthAverageTestedTriangleCount": 32,
  "SemanticDepthAverageIntersectedTriangleCount": 4.0628,
  "SemanticDepthMaximumVisitedNodeCount": 51,
  "SemanticDepthMaximumTestedTriangleCount": 32,
  "ProjectedPickTargetAverageVisitedNodeCount": 51,
  "ProjectedPickTargetAverageTestedTriangleCount": 32,
  "ProjectedPickTargetAverageIntersectedTriangleCount": 12,
  "ProjectedPickTargetAverageHitCount": 4,
  "ProjectedPickTargetMaximumVisitedNodeCount": 51,
  "ProjectedPickTargetMaximumTestedTriangleCount": 32,
  "ModernMeshFaceSubobjectAverageVisitedNodeCount": 96.9286,
  "ModernMeshFaceSubobjectAverageTestedTriangleCount": 64.5024,
  "ModernMeshFaceSubobjectAverageIntersectedTriangleCount": 5.9763,
  "ModernMeshFaceSubobjectAverageHitCount": 4,
  "ModernMeshFaceSubobjectMaximumVisitedNodeCount": 145,
  "ModernMeshFaceSubobjectMaximumTestedTriangleCount": 96,
  "ProjectedCrossingAverageVisitedNodeCount": 165.361,
  "ProjectedCrossingAverageTestedTriangleCount": 245.3464,
  "ProjectedCrossingAverageIntersectedTriangleCount": 127.0274,
  "ProjectedCrossingMaximumVisitedNodeCount": 233,
  "ProjectedCrossingMaximumTestedTriangleCount": 352,
  "ProjectedLassoAverageVisitedNodeCount": 165.361,
  "ProjectedLassoAverageTestedTriangleCount": 245.3464,
  "ProjectedLassoAverageIntersectedTriangleCount": 84.929,
  "ProjectedLassoAverageHandleCount": 4,
  "ProjectedLassoMaximumVisitedNodeCount": 233,
  "ProjectedLassoMaximumTestedTriangleCount": 352,
  "ProjectedFenceAverageVisitedNodeCount": 131.6643,
  "ProjectedFenceAverageTestedTriangleCount": 154.7488,
  "ProjectedFenceAverageIntersectedTriangleCount": 31.6831,
  "ProjectedFenceAverageHandleCount": 4,
  "ProjectedFenceMaximumVisitedNodeCount": 213,
  "ProjectedFenceMaximumTestedTriangleCount": 224,
  "Checksum": 29548
}
