{
  "CapturedAt": "2026-09-01T01:11:21.194108+00:00",
  "OperatingSystem": "Unix 26.6.0",
  "Runtime": "10.0.5",
  "BenchmarkBinarySha256": "6e43154a4a4a014932b5e871a0075570dd656f4ec0f34dea43ecfdc019773949",
  "CadBinarySha256": "aa564b3a90a465b0583b022ed3706735707f08edcbd436babdbc22e05c18dfd5",
  "GridSize": 16,
  "DepthLayerCount": 8,
  "TriangleCount": 4096,
  "WarmupCount": 1,
  "BuildIterationCount": 2,
  "QueryCount": 1000,
  "IndexBuildMilliseconds": {
    "Name": "mesh3d-selection-index-build-ms",
    "P50": 6.5236,
    "P95": 14.0086,
    "P99": 14.0086,
    "Mean": 10.2661,
    "AllocatedBytesPerOperation": 271304
  },
  "QueryNanoseconds": {
    "Name": "mesh3d-selection-query-ns",
    "P50": 3500,
    "P95": 8800,
    "P99": 25900,
    "Mean": 6083.8,
    "AllocatedBytesPerOperation": 0
  },
  "TotalQueryManagedAllocatedBytes": 0,
  "SemanticDepthQueryNanoseconds": {
    "Name": "mesh3d-selection-semantic-depth-query-ns",
    "P50": 21500,
    "P95": 74900,
    "P99": 103900,
    "Mean": 33533.4,
    "AllocatedBytesPerOperation": 0
  },
  "TotalSemanticDepthQueryManagedAllocatedBytes": 0,
  "ProjectedPickTargetQueryNanoseconds": {
    "Name": "mesh3d-selection-projected-pick-target-query-ns",
    "P50": 9500,
    "P95": 28500,
    "P99": 48300,
    "Mean": 12285.8,
    "AllocatedBytesPerOperation": 0
  },
  "TotalProjectedPickTargetQueryManagedAllocatedBytes": 0,
  "ProjectedCrossingQueryNanoseconds": {
    "Name": "mesh3d-selection-projected-crossing-query-ns",
    "P50": 116200,
    "P95": 324700,
    "P99": 398500,
    "Mean": 149324.6,
    "AllocatedBytesPerOperation": 0
  },
  "TotalProjectedCrossingQueryManagedAllocatedBytes": 0,
  "IndexStatistics": {
    "TriangleCount": 4096,
    "NodeCount": 1023,
    "LeafCount": 512,
    "MaximumDepth": 10,
    "RetainedByteCount": 73848
  },
  "AverageVisitedNodeCount": 13,
  "AverageTestedTriangleCount": 8,
  "MaximumVisitedNodeCount": 13,
  "MaximumTestedTriangleCount": 8,
  "SemanticDepthAverageVisitedNodeCount": 43,
  "SemanticDepthAverageTestedTriangleCount": 64,
  "SemanticDepthAverageIntersectedTriangleCount": 9.248,
  "SemanticDepthMaximumVisitedNodeCount": 43,
  "SemanticDepthMaximumTestedTriangleCount": 64,
  "ProjectedPickTargetAverageVisitedNodeCount": 20.245,
  "ProjectedPickTargetAverageTestedTriangleCount": 27.32,
  "ProjectedPickTargetAverageIntersectedTriangleCount": 3.415,
  "ProjectedPickTargetAverageHitCount": 3.415,
  "ProjectedPickTargetMaximumVisitedNodeCount": 22,
  "ProjectedPickTargetMaximumTestedTriangleCount": 32,
  "ProjectedCrossingAverageVisitedNodeCount": 98.962,
  "ProjectedCrossingAverageTestedTriangleCount": 190.56,
  "ProjectedCrossingAverageIntersectedTriangleCount": 20.39,
  "ProjectedCrossingMaximumVisitedNodeCount": 121,
  "ProjectedCrossingMaximumTestedTriangleCount": 192,
  "Checksum": 386
}
