{
  "CapturedAt": "2026-08-31T23:31:55.118809+00:00",
  "OperatingSystem": "Unix 26.6.0",
  "Runtime": "10.0.5",
  "BenchmarkBinarySha256": "6742277da72e4aba30b00df669ff1f88cf777a8fc2a921669d01ce1fadbb5a95",
  "CadBinarySha256": "89433ba0158ebe432689c1d39632954f0b728f309c7aa35761f6127faa21370c",
  "GridSize": 128,
  "DepthLayerCount": 8,
  "TriangleCount": 262144,
  "WarmupCount": 1,
  "BuildIterationCount": 2,
  "QueryCount": 10000,
  "IndexBuildMilliseconds": {
    "Name": "mesh3d-selection-index-build-ms",
    "P50": 103.0255,
    "P95": 127.4257,
    "P99": 127.4257,
    "Mean": 115.2256,
    "AllocatedBytesPerOperation": 17301624
  },
  "QueryNanoseconds": {
    "Name": "mesh3d-selection-query-ns",
    "P50": 4800,
    "P95": 12200,
    "P99": 43100,
    "Mean": 7252.84,
    "AllocatedBytesPerOperation": 0
  },
  "TotalQueryManagedAllocatedBytes": 0,
  "SemanticDepthQueryNanoseconds": {
    "Name": "mesh3d-selection-semantic-depth-query-ns",
    "P50": 13000,
    "P95": 33600,
    "P99": 67400,
    "Mean": 16113.35,
    "AllocatedBytesPerOperation": 0
  },
  "TotalSemanticDepthQueryManagedAllocatedBytes": 0,
  "IndexStatistics": {
    "TriangleCount": 262144,
    "NodeCount": 65535,
    "LeafCount": 32768,
    "MaximumDepth": 16,
    "RetainedByteCount": 4718552
  },
  "AverageVisitedNodeCount": 19,
  "AverageTestedTriangleCount": 8,
  "MaximumVisitedNodeCount": 19,
  "MaximumTestedTriangleCount": 8,
  "SemanticDepthAverageVisitedNodeCount": 91.002,
  "SemanticDepthAverageTestedTriangleCount": 64,
  "SemanticDepthAverageIntersectedTriangleCount": 8.1256,
  "SemanticDepthMaximumVisitedNodeCount": 96,
  "SemanticDepthMaximumTestedTriangleCount": 64,
  "Checksum": 16773
}
